Archive member included to satisfy reference by file (symbol)

C:/devkitPro/libgba/lib\libgba.a(fade.o)
                              pcx_view.o (FadeToPalette)
C:/devkitPro/libgba/lib\libgba.a(input.o)
                              pcx_view.o (scanKeys)
C:/devkitPro/libgba/lib\libgba.a(interrupt.o)
                              pcx_view.o (irqInit)
C:/devkitPro/libgba/lib\libgba.a(InterruptDispatcher.o)
                              C:/devkitPro/libgba/lib\libgba.a(interrupt.o) (IntrMain)
C:/devkitPro/devkitARM/bin/../lib/gcc/arm-none-eabi/14.2.0/thumb\libgcc.a(_divsi3.o)
                              C:/devkitPro/libgba/lib\libgba.a(fade.o) (__aeabi_idiv)
C:/devkitPro/devkitARM/bin/../lib/gcc/arm-none-eabi/14.2.0/thumb\libgcc.a(_dvmd_tls.o)
                              C:/devkitPro/devkitARM/bin/../lib/gcc/arm-none-eabi/14.2.0/thumb\libgcc.a(_divsi3.o) (__aeabi_idiv0)
C:/devkitPro/devkitARM/bin/../lib/gcc/arm-none-eabi/14.2.0/thumb\libgcc.a(_sync_none.o)
                              (__sync_synchronize_none)
C:/devkitPro/devkitARM/bin/../lib/gcc/arm-none-eabi/14.2.0/../../../../arm-none-eabi/lib/thumb\libg.a(libc_a-memset.o)
                              pcx.o (memset)
C:/devkitPro/devkitARM/bin/../lib/gcc/arm-none-eabi/14.2.0/../../../../arm-none-eabi/lib/thumb\libg.a(libc_a-init.o)
                              C:/devkitPro/devkitARM/bin/../lib/gcc/arm-none-eabi/14.2.0/../../../../arm-none-eabi/lib/thumb/gba_crt0.o (__libc_init_array)
C:/devkitPro/devkitARM/bin/../lib/gcc/arm-none-eabi/14.2.0/../../../../arm-none-eabi/lib/thumb\libsysbase.a(libsysbase_libsysbase_a-malloc_vars.o)
                              C:/devkitPro/devkitARM/bin/../lib/gcc/arm-none-eabi/14.2.0/../../../../arm-none-eabi/lib/thumb/gba_crt0.o (fake_heap_end)

Discarded input sections

 .text          0x00000000        0x0 C:/devkitPro/devkitARM/bin/../lib/gcc/arm-none-eabi/14.2.0/../../../../arm-none-eabi/lib/thumb/gba_crt0.o
 .data          0x00000000        0x0 C:/devkitPro/devkitARM/bin/../lib/gcc/arm-none-eabi/14.2.0/../../../../arm-none-eabi/lib/thumb/gba_crt0.o
 .bss           0x00000000        0x0 C:/devkitPro/devkitARM/bin/../lib/gcc/arm-none-eabi/14.2.0/../../../../arm-none-eabi/lib/thumb/gba_crt0.o
 .text          0x00000000        0x0 C:/devkitPro/devkitARM/bin/../lib/gcc/arm-none-eabi/14.2.0/thumb/crti.o
 .data          0x00000000        0x0 C:/devkitPro/devkitARM/bin/../lib/gcc/arm-none-eabi/14.2.0/thumb/crti.o
 .bss           0x00000000        0x0 C:/devkitPro/devkitARM/bin/../lib/gcc/arm-none-eabi/14.2.0/thumb/crti.o
 .text          0x00000000        0x0 C:/devkitPro/devkitARM/bin/../lib/gcc/arm-none-eabi/14.2.0/thumb/crtbegin.o
 .data          0x00000000        0x0 C:/devkitPro/devkitARM/bin/../lib/gcc/arm-none-eabi/14.2.0/thumb/crtbegin.o
 .bss           0x00000000        0x0 C:/devkitPro/devkitARM/bin/../lib/gcc/arm-none-eabi/14.2.0/thumb/crtbegin.o
 .rodata.all_implied_fbits
                0x00000000       0x24 C:/devkitPro/devkitARM/bin/../lib/gcc/arm-none-eabi/14.2.0/thumb/crtbegin.o
 .data.__dso_handle
                0x00000000        0x4 C:/devkitPro/devkitARM/bin/../lib/gcc/arm-none-eabi/14.2.0/thumb/crtbegin.o
 .text          0x00000000        0x0 splash.pcx.o
 .data          0x00000000        0x0 splash.pcx.o
 .bss           0x00000000        0x0 splash.pcx.o
 .data          0x00000000        0x0 pcx.o
 .data          0x00000000        0x0 pcx_view.o
 .data          0x00000000        0x0 C:/devkitPro/libgba/lib\libgba.a(fade.o)
 .bss           0x00000000        0x0 C:/devkitPro/libgba/lib\libgba.a(fade.o)
 .data          0x00000000        0x0 C:/devkitPro/libgba/lib\libgba.a(interrupt.o)
 .text          0x00000000        0x0 C:/devkitPro/libgba/lib\libgba.a(InterruptDispatcher.o)
 .data          0x00000000        0x0 C:/devkitPro/libgba/lib\libgba.a(InterruptDispatcher.o)
 .bss           0x00000000        0x0 C:/devkitPro/libgba/lib\libgba.a(InterruptDispatcher.o)
 .data          0x00000000        0x0 C:/devkitPro/devkitARM/bin/../lib/gcc/arm-none-eabi/14.2.0/thumb\libgcc.a(_divsi3.o)
 .bss           0x00000000        0x0 C:/devkitPro/devkitARM/bin/../lib/gcc/arm-none-eabi/14.2.0/thumb\libgcc.a(_divsi3.o)
 .data          0x00000000        0x0 C:/devkitPro/devkitARM/bin/../lib/gcc/arm-none-eabi/14.2.0/thumb\libgcc.a(_dvmd_tls.o)
 .bss           0x00000000        0x0 C:/devkitPro/devkitARM/bin/../lib/gcc/arm-none-eabi/14.2.0/thumb\libgcc.a(_dvmd_tls.o)
 .text          0x00000000        0x4 C:/devkitPro/devkitARM/bin/../lib/gcc/arm-none-eabi/14.2.0/thumb\libgcc.a(_sync_none.o)
 .data          0x00000000        0x0 C:/devkitPro/devkitARM/bin/../lib/gcc/arm-none-eabi/14.2.0/thumb\libgcc.a(_sync_none.o)
 .bss           0x00000000        0x0 C:/devkitPro/devkitARM/bin/../lib/gcc/arm-none-eabi/14.2.0/thumb\libgcc.a(_sync_none.o)
 .text          0x00000000        0x0 C:/devkitPro/devkitARM/bin/../lib/gcc/arm-none-eabi/14.2.0/../../../../arm-none-eabi/lib/thumb\libg.a(libc_a-memset.o)
 .data          0x00000000        0x0 C:/devkitPro/devkitARM/bin/../lib/gcc/arm-none-eabi/14.2.0/../../../../arm-none-eabi/lib/thumb\libg.a(libc_a-memset.o)
 .bss           0x00000000        0x0 C:/devkitPro/devkitARM/bin/../lib/gcc/arm-none-eabi/14.2.0/../../../../arm-none-eabi/lib/thumb\libg.a(libc_a-memset.o)
 .text          0x00000000        0x0 C:/devkitPro/devkitARM/bin/../lib/gcc/arm-none-eabi/14.2.0/../../../../arm-none-eabi/lib/thumb\libg.a(libc_a-init.o)
 .data          0x00000000        0x0 C:/devkitPro/devkitARM/bin/../lib/gcc/arm-none-eabi/14.2.0/../../../../arm-none-eabi/lib/thumb\libg.a(libc_a-init.o)
 .bss           0x00000000        0x0 C:/devkitPro/devkitARM/bin/../lib/gcc/arm-none-eabi/14.2.0/../../../../arm-none-eabi/lib/thumb\libg.a(libc_a-init.o)
 .text          0x00000000        0x0 C:/devkitPro/devkitARM/bin/../lib/gcc/arm-none-eabi/14.2.0/../../../../arm-none-eabi/lib/thumb\libsysbase.a(libsysbase_libsysbase_a-malloc_vars.o)
 .data          0x00000000        0x0 C:/devkitPro/devkitARM/bin/../lib/gcc/arm-none-eabi/14.2.0/../../../../arm-none-eabi/lib/thumb\libsysbase.a(libsysbase_libsysbase_a-malloc_vars.o)
 .bss           0x00000000        0x0 C:/devkitPro/devkitARM/bin/../lib/gcc/arm-none-eabi/14.2.0/../../../../arm-none-eabi/lib/thumb\libsysbase.a(libsysbase_libsysbase_a-malloc_vars.o)
 .bss.fake_heap_start
                0x00000000        0x4 C:/devkitPro/devkitARM/bin/../lib/gcc/arm-none-eabi/14.2.0/../../../../arm-none-eabi/lib/thumb\libsysbase.a(libsysbase_libsysbase_a-malloc_vars.o)
 .text          0x00000000        0x0 C:/devkitPro/devkitARM/bin/../lib/gcc/arm-none-eabi/14.2.0/thumb/crtend.o
 .data          0x00000000        0x0 C:/devkitPro/devkitARM/bin/../lib/gcc/arm-none-eabi/14.2.0/thumb/crtend.o
 .bss           0x00000000        0x0 C:/devkitPro/devkitARM/bin/../lib/gcc/arm-none-eabi/14.2.0/thumb/crtend.o
 .rodata.all_implied_fbits
                0x00000000       0x24 C:/devkitPro/devkitARM/bin/../lib/gcc/arm-none-eabi/14.2.0/thumb/crtend.o
 .text          0x00000000        0x0 C:/devkitPro/devkitARM/bin/../lib/gcc/arm-none-eabi/14.2.0/thumb/crtn.o
 .data          0x00000000        0x0 C:/devkitPro/devkitARM/bin/../lib/gcc/arm-none-eabi/14.2.0/thumb/crtn.o
 .bss           0x00000000        0x0 C:/devkitPro/devkitARM/bin/../lib/gcc/arm-none-eabi/14.2.0/thumb/crtn.o

Memory Configuration

Name             Origin             Length             Attributes
rom              0x08000000         0x02000000
iwram            0x03000000         0x00008000
ewram            0x02000000         0x00040000
*default*        0x00000000         0xffffffff

Linker script and memory map

                0x00000000                        __sync_synchronize = __sync_synchronize_none
                0x08000000                        __text_start = ORIGIN (rom)
                0x02040000                        __eheap_end = (ORIGIN (ewram) + LENGTH (ewram))
                0x03000000                        __iwram_start = ORIGIN (iwram)
                0x03008000                        __iwram_top = (ORIGIN (iwram) + LENGTH (iwram))
                0x03007fa0                        __sp_irq = (__iwram_top - 0x60)
                0x03007f00                        __sp_usr = (__sp_irq - 0xa0)
                0x03007ff8                        __irq_flags = 0x3007ff8
                0x08000000                        . = __text_start

.crt0           0x08000000      0x210
 *(.crt0)
 .crt0          0x08000000      0x210 C:/devkitPro/devkitARM/bin/../lib/gcc/arm-none-eabi/14.2.0/../../../../arm-none-eabi/lib/thumb/gba_crt0.o
                0x08000000                _start
                0x080000c4                __boot_method
                0x080000c5                __slave_number
                0x080000e0                start_vector
                0x08000210                        . = ALIGN (0x4)

.init           0x08000210        0xc
 *(SORT_NONE(.init))
 .init          0x08000210        0x4 C:/devkitPro/devkitARM/bin/../lib/gcc/arm-none-eabi/14.2.0/thumb/crti.o
                0x08000210                _init
 .init          0x08000214        0x8 C:/devkitPro/devkitARM/bin/../lib/gcc/arm-none-eabi/14.2.0/thumb/crtn.o

.plt            0x0800021c        0x0
 *(.plt)
                0x0800021c                        . = ALIGN (0x4)

.text           0x08000220      0xb88
 *(EXCLUDE_FILE(*.iwram*) .text*)
 .text.__do_global_dtors_aux
                0x08000220       0x2c C:/devkitPro/devkitARM/bin/../lib/gcc/arm-none-eabi/14.2.0/thumb/crtbegin.o
 .text.frame_dummy
                0x0800024c       0x24 C:/devkitPro/devkitARM/bin/../lib/gcc/arm-none-eabi/14.2.0/thumb/crtbegin.o
 .text          0x08000270      0x1a4 pcx.o
                0x08000270                DecodePCX
 .text          0x08000414       0x18 pcx_view.o
                0x08000414                VblankInterrupt
 .text.startup  0x0800042c       0x50 pcx_view.o
                0x0800042c                main
 .text          0x0800047c      0x250 C:/devkitPro/libgba/lib\libgba.a(fade.o)
                0x0800052c                SetPalette
                0x08000554                FadeToGrayScale
                0x0800060c                FadeToPalette
 .text          0x080006cc       0xc0 C:/devkitPro/libgba/lib\libgba.a(input.o)
                0x080006cc                setRepeat
                0x080006d8                scanKeys
                0x08000750                keysDownRepeat
                0x08000760                keysDown
                0x08000770                keysUp
                0x08000780                keysHeld
 .text          0x0800078c      0x3c4 C:/devkitPro/libgba/lib\libgba.a(interrupt.o)
                0x0800078c                dummy
                0x08000790                InitInterrupt
                0x080007ec                irqInit
                0x08000848                SetInterrupt
                0x08000930                irqSet
                0x08000a18                EnableInterrupt
                0x08000a64                irqEnable
                0x08000ab8                DisableInterrupt
                0x08000b04                irqDisable
 .text          0x08000b50      0x150 C:/devkitPro/devkitARM/bin/../lib/gcc/arm-none-eabi/14.2.0/thumb\libgcc.a(_divsi3.o)
                0x08000b50                __divsi3
                0x08000b50                __aeabi_idiv
                0x08000c80                __aeabi_idivmod
 .text          0x08000ca0        0x4 C:/devkitPro/devkitARM/bin/../lib/gcc/arm-none-eabi/14.2.0/thumb\libgcc.a(_dvmd_tls.o)
                0x08000ca0                __aeabi_idiv0
                0x08000ca0                __aeabi_ldiv0
 .text.memset   0x08000ca4       0x98 C:/devkitPro/devkitARM/bin/../lib/gcc/arm-none-eabi/14.2.0/../../../../arm-none-eabi/lib/thumb\libg.a(libc_a-memset.o)
                0x08000ca4                memset
 .text.__libc_init_array
                0x08000d3c       0x54 C:/devkitPro/devkitARM/bin/../lib/gcc/arm-none-eabi/14.2.0/../../../../arm-none-eabi/lib/thumb\libg.a(libc_a-init.o)
                0x08000d3c                __libc_init_array
 .text.__libc_init_array.__stub
                0x08000d90       0x14 linker stubs
 *(.gnu.linkonce.t.*)
 *(.text.*personality*)
 *(.gnu.warning)
 *(.glue_7t)
 .glue_7t       0x08000da8        0x0 linker stubs
 *(.glue_7)
 .glue_7        0x08000da8        0x0 linker stubs
 *(.vfp11_veneer)
 .vfp11_veneer  0x08000da8        0x0 linker stubs
                0x08000da8                        . = ALIGN (0x4)
                0x08000da8                        __text_end = .

.v4_bx          0x08000da8        0x0
 .v4_bx         0x08000da8        0x0 linker stubs

.iplt           0x08000da8        0x0
 .iplt          0x08000da8        0x0 C:/devkitPro/devkitARM/bin/../lib/gcc/arm-none-eabi/14.2.0/../../../../arm-none-eabi/lib/thumb/gba_crt0.o

.fini           0x08000da8        0xc
 *(.fini)
 .fini          0x08000da8        0x4 C:/devkitPro/devkitARM/bin/../lib/gcc/arm-none-eabi/14.2.0/thumb/crti.o
                0x08000da8                _fini
 .fini          0x08000dac        0x8 C:/devkitPro/devkitARM/bin/../lib/gcc/arm-none-eabi/14.2.0/thumb/crtn.o
                0x08000db4                        . = ALIGN (0x4)

.rodata         0x08000db4     0x24f8
 *(.rodata)
 *all.rodata*(*)
 *(.roda)
 *(.rodata.*)
 .rodata.splash_pcx
                0x08000db4     0x24f5 splash.pcx.o
                0x08000db4                splash_pcx
                0x080032a9                splash_pcx_end
 *(.gnu.linkonce.r*)
                0x080032ac                        . = ALIGN (0x4)
 *fill*         0x080032a9        0x3 ff

.ARM.extab
 *(.ARM.extab* .gnu.linkonce.armextab.*)
                0x080032ac                        __exidx_start = .

.ARM.exidx
 *(.ARM.exidx* .gnu.linkonce.armexidx.*)
                0x080032ac                        __exidx_end = .

.ctors          0x080032ac        0x0
 *crtbegin.o(.ctors)
 *(EXCLUDE_FILE(*crtend.o) .ctors)
 *(SORT_BY_NAME(.ctors.*))
 *(.ctors)
                0x080032ac                        . = ALIGN (0x4)

.dtors          0x080032ac        0x0
 *crtbegin.o(.dtors)
 *(EXCLUDE_FILE(*crtend.o) .dtors)
 *(SORT_BY_NAME(.dtors.*))
 *(.dtors)
                0x080032ac                        . = ALIGN (0x4)

.eh_frame       0x080032ac        0x4
 *(.eh_frame)
 .eh_frame      0x080032ac        0x0 C:/devkitPro/devkitARM/bin/../lib/gcc/arm-none-eabi/14.2.0/thumb/crtbegin.o
 .eh_frame      0x080032ac        0x4 C:/devkitPro/devkitARM/bin/../lib/gcc/arm-none-eabi/14.2.0/thumb/crtend.o
                0x080032b0                        . = ALIGN (0x4)

.gcc_except_table
                0x080032b0        0x0
 *(.gcc_except_table)
                0x080032b0                        . = ALIGN (0x4)
                0x080032b0                        __iwram_lma = .

.iwram          0x03000000       0xb8 load address 0x080032b0
                0x03000000                        __iwram_start__ = ABSOLUTE (.)
 *(.iwram .iwram*)
 .iwram         0x03000000       0xb8 C:/devkitPro/libgba/lib\libgba.a(InterruptDispatcher.o)
                0x03000000                IntrMain
 *iwram.*(.text* .data*)
                0x030000b8                        . = ALIGN (0x4)
                0x030000b8                        __iwram_end__ = ABSOLUTE (.)
                0x08003368                        __data_lma = (__iwram_lma + SIZEOF (.iwram))

.bss            0x030000b8      0x39c
                0x030000b8                        __bss_start = ABSOLUTE (.)
                0x030000b8                        __bss_start__ = ABSOLUTE (.)
 *(.dynbss)
 *(.gnu.linkonce.b*)
 *(.bss*)
 .bss.completed.1
                0x030000b8        0x1 C:/devkitPro/devkitARM/bin/../lib/gcc/arm-none-eabi/14.2.0/thumb/crtbegin.o
 *fill*         0x030000b9        0x3 
 .bss.object.0  0x030000bc       0x18 C:/devkitPro/devkitARM/bin/../lib/gcc/arm-none-eabi/14.2.0/thumb/crtbegin.o
 *fill*         0x030000d4        0x4 
 .bss           0x030000d8       0xf0 pcx.o
                0x030000d8                Buf
 .bss           0x030001c8      0x204 pcx_view.o
                0x030001c8                frame
                0x030001cc                PaletteBuffer
 .bss           0x030003cc        0xa C:/devkitPro/libgba/lib\libgba.a(input.o)
 *fill*         0x030003d6        0x2 
 .bss           0x030003d8       0x78 C:/devkitPro/libgba/lib\libgba.a(interrupt.o)
                0x030003d8                IntrTable
 .bss.fake_heap_end
                0x03000450        0x4 C:/devkitPro/devkitARM/bin/../lib/gcc/arm-none-eabi/14.2.0/../../../../arm-none-eabi/lib/thumb\libsysbase.a(libsysbase_libsysbase_a-malloc_vars.o)
                0x03000450                fake_heap_end
 *(COMMON)
                0x03000454                        . = ALIGN (0x4)
                0x03000454                        __bss_end__ = ABSOLUTE (.)

.data           0x03000454        0x4 load address 0x08003368
                0x03000454                        __data_start__ = ABSOLUTE (.)
 *(.data*)
 .data          0x03000454        0x3 C:/devkitPro/libgba/lib\libgba.a(input.o)
 *(.gnu.linkonce.d*)
                0x03000458                        . = ALIGN (0x4)
 *fill*         0x03000457        0x1 ff
                0x0800336c                        __preinit_lma = (__data_lma + SIZEOF (.data))

.igot.plt       0x03000458        0x0 load address 0x0800336c
 .igot.plt      0x03000458        0x0 C:/devkitPro/devkitARM/bin/../lib/gcc/arm-none-eabi/14.2.0/../../../../arm-none-eabi/lib/thumb/gba_crt0.o

.preinit_array  0x03000458        0x0 load address 0x0800336c
                0x03000458                        __preinit_array_start = ABSOLUTE (.)
 *(.preinit_array)
                0x03000458                        __preinit_array_end = ABSOLUTE (.)
                0x0800336c                        __init_lma = (__preinit_lma + SIZEOF (.preinit_array))

.init_array     0x03000458        0x4 load address 0x0800336c
                0x03000458                        __init_array_start = ABSOLUTE (.)
 *(SORT_BY_NAME(.init_array.*))
 *(.init_array)
 .init_array    0x03000458        0x4 C:/devkitPro/devkitARM/bin/../lib/gcc/arm-none-eabi/14.2.0/thumb/crtbegin.o
                0x0300045c                        __init_array_end = ABSOLUTE (.)
                0x08003370                        __fini_lma = (__init_lma + SIZEOF (.init_array))

.fini_array     0x0300045c        0x4 load address 0x08003370
                0x0300045c                        __fini_array_start = ABSOLUTE (.)
 *(SORT_BY_NAME(.fini_array.*))
 *(.fini_array)
 .fini_array    0x0300045c        0x4 C:/devkitPro/devkitARM/bin/../lib/gcc/arm-none-eabi/14.2.0/thumb/crtbegin.o
                0x03000460                        __fini_array_end = ABSOLUTE (.)
                0x08003374                        __jcr_lma = (__fini_lma + SIZEOF (.fini_array))

.jcr
 *(.jcr)
                0x03000460                        __data_end__ = ABSOLUTE (.)
                0x08003374                        __iwram_overlay_lma = (__jcr_lma + SIZEOF (.jcr))
                0x03000460                        __iwram_overlay_start = .

.iwram0         0x03000460        0x0 load address 0x08003374
 *(.iwram0)
                0x03000460                        . = ALIGN (0x4)
                0x08003374                        PROVIDE (__load_start_iwram0 = LOADADDR (.iwram0))
                0x08003374                        PROVIDE (__load_stop_iwram0 = (LOADADDR (.iwram0) + SIZEOF (.iwram0)))

.iwram1         0x03000460        0x0
 *(.iwram1)
                0x03000460                        . = ALIGN (0x4)
                [!provide]                        PROVIDE (__load_start_iwram1 = LOADADDR (.iwram1))
                [!provide]                        PROVIDE (__load_stop_iwram1 = (LOADADDR (.iwram1) + SIZEOF (.iwram1)))

.iwram2         0x03000460        0x0
 *(.iwram2)
                0x03000460                        . = ALIGN (0x4)
                [!provide]                        PROVIDE (__load_start_iwram2 = LOADADDR (.iwram2))
                [!provide]                        PROVIDE (__load_stop_iwram2 = (LOADADDR (.iwram2) + SIZEOF (.iwram2)))

.iwram3         0x03000460        0x0
 *(.iwram3)
                0x03000460                        . = ALIGN (0x4)
                [!provide]                        PROVIDE (__load_start_iwram3 = LOADADDR (.iwram3))
                [!provide]                        PROVIDE (__load_stop_iwram3 = (LOADADDR (.iwram3) + SIZEOF (.iwram3)))

.iwram4         0x03000460        0x0
 *(.iwram4)
                0x03000460                        . = ALIGN (0x4)
                [!provide]                        PROVIDE (__load_start_iwram4 = LOADADDR (.iwram4))
                [!provide]                        PROVIDE (__load_stop_iwram4 = (LOADADDR (.iwram4) + SIZEOF (.iwram4)))

.iwram5         0x03000460        0x0
 *(.iwram5)
                0x03000460                        . = ALIGN (0x4)
                [!provide]                        PROVIDE (__load_start_iwram5 = LOADADDR (.iwram5))
                [!provide]                        PROVIDE (__load_stop_iwram5 = (LOADADDR (.iwram5) + SIZEOF (.iwram5)))

.iwram6         0x03000460        0x0
 *(.iwram6)
                0x03000460                        . = ALIGN (0x4)
                [!provide]                        PROVIDE (__load_start_iwram6 = LOADADDR (.iwram6))
                [!provide]                        PROVIDE (__load_stop_iwram6 = (LOADADDR (.iwram6) + SIZEOF (.iwram6)))

.iwram7         0x03000460        0x0
 *(.iwram7)
                0x03000460                        . = ALIGN (0x4)
                [!provide]                        PROVIDE (__load_start_iwram7 = LOADADDR (.iwram7))
                [!provide]                        PROVIDE (__load_stop_iwram7 = (LOADADDR (.iwram7) + SIZEOF (.iwram7)))

.iwram8         0x03000460        0x0
 *(.iwram8)
                0x03000460                        . = ALIGN (0x4)
                [!provide]                        PROVIDE (__load_start_iwram8 = LOADADDR (.iwram8))
                [!provide]                        PROVIDE (__load_stop_iwram8 = (LOADADDR (.iwram8) + SIZEOF (.iwram8)))

.iwram9         0x03000460        0x0
 *(.iwram9)
                0x03000460                        . = ALIGN (0x4)
                [!provide]                        PROVIDE (__load_start_iwram9 = LOADADDR (.iwram9))
                [!provide]                        PROVIDE (__load_stop_iwram9 = (LOADADDR (.iwram9) + SIZEOF (.iwram9)))
                0x03000460                        __iwram_overlay_end = .
                0x08003374                        __ewram_lma = (__iwram_overlay_lma + (__iwram_overlay_end - __iwram_overlay_start))
                0x03000460                        __iheap_start = .
                0x02000000                        __ewram_start = ORIGIN (ewram)

.ewram          0x02000000        0x0 load address 0x08003374
 *(.ewram*)
                0x02000000                        . = ALIGN (0x4)
                0x02000000                        __ewram_end = ABSOLUTE (.)
                0x08003374                        __pad_lma = (__ewram_lma + SIZEOF (.ewram))

.sbss           0x02000000     0x1c00
                0x02000000                        __sbss_start__ = ABSOLUTE (.)
 *(.sbss*)
 .sbss          0x02000000     0x1c00 C:/devkitPro/libgba/lib\libgba.a(fade.o)
                0x02000000                FadeTable
                0x02001800                CurrentPalette
                0x02001c00                        . = ALIGN (0x4)
                0x02001c00                        __sbss_end__ = ABSOLUTE (.)
                0x02001c00                        __end__ = ABSOLUTE (.)
                0x02001c00                        __eheap_start = ABSOLUTE (.)

.pad            0x02001c00        0x8 load address 0x08003374
                0x02001c00        0x4 LONG 0x52416b64
                0x02001c04        0x4 LONG 0x4d
                0x02001c08                        . = ALIGN (0x4)
                0x0800337c                        __rom_end__ = (__pad_lma + SIZEOF (.pad))

.rel.dyn        0x02001c08        0x0 load address 0x0800337c
 .rel.iplt      0x02001c08        0x0 C:/devkitPro/devkitARM/bin/../lib/gcc/arm-none-eabi/14.2.0/../../../../arm-none-eabi/lib/thumb/gba_crt0.o

.stab
 *(.stab)

.stabstr
 *(.stabstr)

.stab.excl
 *(.stab.excl)

.stab.exclstr
 *(.stab.exclstr)

.stab.index
 *(.stab.index)

.stab.indexstr
 *(.stab.indexstr)

.comment        0x00000000       0x46
 *(.comment)
 .comment       0x00000000       0x46 C:/devkitPro/devkitARM/bin/../lib/gcc/arm-none-eabi/14.2.0/thumb/crtbegin.o
                                 0x24 (size before relaxing)
 .comment       0x00000046       0x24 pcx.o
 .comment       0x00000046       0x24 pcx_view.o
 .comment       0x00000046       0x24 C:/devkitPro/libgba/lib\libgba.a(fade.o)
 .comment       0x00000046       0x24 C:/devkitPro/libgba/lib\libgba.a(input.o)
 .comment       0x00000046       0x24 C:/devkitPro/libgba/lib\libgba.a(interrupt.o)
 .comment       0x00000046       0x24 C:/devkitPro/devkitARM/bin/../lib/gcc/arm-none-eabi/14.2.0/../../../../arm-none-eabi/lib/thumb\libg.a(libc_a-memset.o)
 .comment       0x00000046       0x24 C:/devkitPro/devkitARM/bin/../lib/gcc/arm-none-eabi/14.2.0/../../../../arm-none-eabi/lib/thumb\libg.a(libc_a-init.o)
 .comment       0x00000046       0x24 C:/devkitPro/devkitARM/bin/../lib/gcc/arm-none-eabi/14.2.0/../../../../arm-none-eabi/lib/thumb\libsysbase.a(libsysbase_libsysbase_a-malloc_vars.o)
 .comment       0x00000046       0x24 C:/devkitPro/devkitARM/bin/../lib/gcc/arm-none-eabi/14.2.0/thumb/crtend.o

.debug
 *(.debug)

.line
 *(.line)

.debug_srcinfo
 *(.debug_srcinfo)

.debug_sfnames
 *(.debug_sfnames)

.debug_aranges  0x00000000       0xc8
 *(.debug_aranges)
 .debug_aranges
                0x00000000       0x20 pcx.o
 .debug_aranges
                0x00000020       0x28 pcx_view.o
 .debug_aranges
                0x00000048       0x20 C:/devkitPro/libgba/lib\libgba.a(fade.o)
 .debug_aranges
                0x00000068       0x20 C:/devkitPro/libgba/lib\libgba.a(input.o)
 .debug_aranges
                0x00000088       0x20 C:/devkitPro/libgba/lib\libgba.a(interrupt.o)
 .debug_aranges
                0x000000a8       0x20 C:/devkitPro/libgba/lib\libgba.a(InterruptDispatcher.o)

.debug_pubnames
 *(.debug_pubnames)

.debug_info     0x00000000     0x13b8
 *(.debug_info)
 .debug_info    0x00000000      0x38c pcx.o
 .debug_info    0x0000038c      0x41b pcx_view.o
 .debug_info    0x000007a7      0x58e C:/devkitPro/libgba/lib\libgba.a(fade.o)
 .debug_info    0x00000d35      0x246 C:/devkitPro/libgba/lib\libgba.a(input.o)
 .debug_info    0x00000f7b      0x418 C:/devkitPro/libgba/lib\libgba.a(interrupt.o)
 .debug_info    0x00001393       0x25 C:/devkitPro/libgba/lib\libgba.a(InterruptDispatcher.o)

.debug_abbrev   0x00000000      0x8a3
 *(.debug_abbrev)
 .debug_abbrev  0x00000000      0x138 pcx.o
 .debug_abbrev  0x00000138      0x204 pcx_view.o
 .debug_abbrev  0x0000033c      0x207 C:/devkitPro/libgba/lib\libgba.a(fade.o)
 .debug_abbrev  0x00000543      0x12d C:/devkitPro/libgba/lib\libgba.a(input.o)
 .debug_abbrev  0x00000670      0x21f C:/devkitPro/libgba/lib\libgba.a(interrupt.o)
 .debug_abbrev  0x0000088f       0x14 C:/devkitPro/libgba/lib\libgba.a(InterruptDispatcher.o)

.debug_line     0x00000000     0x182c
 *(.debug_line)
 .debug_line    0x00000000      0x3c8 pcx.o
 .debug_line    0x000003c8      0x2c6 pcx_view.o
 .debug_line    0x0000068e      0x517 C:/devkitPro/libgba/lib\libgba.a(fade.o)
 .debug_line    0x00000ba5      0x2bf C:/devkitPro/libgba/lib\libgba.a(input.o)
 .debug_line    0x00000e64      0x950 C:/devkitPro/libgba/lib\libgba.a(interrupt.o)
 .debug_line    0x000017b4       0x78 C:/devkitPro/libgba/lib\libgba.a(InterruptDispatcher.o)

.debug_frame    0x00000000      0x258
 *(.debug_frame)
 .debug_frame   0x00000000       0x3c pcx.o
 .debug_frame   0x0000003c       0x40 pcx_view.o
 .debug_frame   0x0000007c       0xac C:/devkitPro/libgba/lib\libgba.a(fade.o)
 .debug_frame   0x00000128       0x80 C:/devkitPro/libgba/lib\libgba.a(input.o)
 .debug_frame   0x000001a8       0xb0 C:/devkitPro/libgba/lib\libgba.a(interrupt.o)

.debug_str      0x00000000      0x8e8
 *(.debug_str)
 .debug_str     0x00000000      0x8e8 pcx.o
                                0x2ba (size before relaxing)
 .debug_str     0x000008e8      0x43e pcx_view.o
 .debug_str     0x000008e8      0x275 C:/devkitPro/libgba/lib\libgba.a(fade.o)
 .debug_str     0x000008e8      0x236 C:/devkitPro/libgba/lib\libgba.a(input.o)
 .debug_str     0x000008e8      0x334 C:/devkitPro/libgba/lib\libgba.a(interrupt.o)
 .debug_str     0x000008e8       0xba C:/devkitPro/libgba/lib\libgba.a(InterruptDispatcher.o)

.debug_loc
 *(.debug_loc)

.debug_macinfo
 *(.debug_macinfo)

.debug_weaknames
 *(.debug_weaknames)

.debug_funcnames
 *(.debug_funcnames)

.debug_typenames
 *(.debug_typenames)

.debug_varnames
 *(.debug_varnames)

.stack          0x00080000        0x0
                0x00080000                        _stack = .
 *(.stack)

.note.gnu.arm.ident
 *(.note.gnu.arm.ident)

.ARM.attributes
                0x00000000       0x2c
 *(.ARM.attributes)
 .ARM.attributes
                0x00000000       0x20 C:/devkitPro/devkitARM/bin/../lib/gcc/arm-none-eabi/14.2.0/../../../../arm-none-eabi/lib/thumb/gba_crt0.o
 .ARM.attributes
                0x00000020       0x1c C:/devkitPro/devkitARM/bin/../lib/gcc/arm-none-eabi/14.2.0/thumb/crti.o
 .ARM.attributes
                0x0000003c       0x2a C:/devkitPro/devkitARM/bin/../lib/gcc/arm-none-eabi/14.2.0/thumb/crtbegin.o
 .ARM.attributes
                0x00000066       0x1a splash.pcx.o
 .ARM.attributes
                0x00000080       0x26 pcx.o
 .ARM.attributes
                0x000000a6       0x26 pcx_view.o
 .ARM.attributes
                0x000000cc       0x2a C:/devkitPro/libgba/lib\libgba.a(fade.o)
 .ARM.attributes
                0x000000f6       0x2a C:/devkitPro/libgba/lib\libgba.a(input.o)
 .ARM.attributes
                0x00000120       0x2a C:/devkitPro/libgba/lib\libgba.a(interrupt.o)
 .ARM.attributes
                0x0000014a       0x1a C:/devkitPro/libgba/lib\libgba.a(InterruptDispatcher.o)
 .ARM.attributes
                0x00000164       0x1c C:/devkitPro/devkitARM/bin/../lib/gcc/arm-none-eabi/14.2.0/thumb\libgcc.a(_divsi3.o)
 .ARM.attributes
                0x00000180       0x1c C:/devkitPro/devkitARM/bin/../lib/gcc/arm-none-eabi/14.2.0/thumb\libgcc.a(_dvmd_tls.o)
 .ARM.attributes
                0x0000019c       0x1c C:/devkitPro/devkitARM/bin/../lib/gcc/arm-none-eabi/14.2.0/thumb\libgcc.a(_sync_none.o)
 .ARM.attributes
                0x000001b8       0x2a C:/devkitPro/devkitARM/bin/../lib/gcc/arm-none-eabi/14.2.0/../../../../arm-none-eabi/lib/thumb\libg.a(libc_a-memset.o)
 .ARM.attributes
                0x000001e2       0x2a C:/devkitPro/devkitARM/bin/../lib/gcc/arm-none-eabi/14.2.0/../../../../arm-none-eabi/lib/thumb\libg.a(libc_a-init.o)
 .ARM.attributes
                0x0000020c       0x2a C:/devkitPro/devkitARM/bin/../lib/gcc/arm-none-eabi/14.2.0/../../../../arm-none-eabi/lib/thumb\libsysbase.a(libsysbase_libsysbase_a-malloc_vars.o)
 .ARM.attributes
                0x00000236       0x2a C:/devkitPro/devkitARM/bin/../lib/gcc/arm-none-eabi/14.2.0/thumb/crtend.o
 .ARM.attributes
                0x00000260       0x1c C:/devkitPro/devkitARM/bin/../lib/gcc/arm-none-eabi/14.2.0/thumb/crtn.o

/DISCARD/
 *(.note.GNU-stack)
LOAD C:/devkitPro/devkitARM/bin/../lib/gcc/arm-none-eabi/14.2.0/../../../../arm-none-eabi/lib/thumb/gba_crt0.o
LOAD C:/devkitPro/devkitARM/bin/../lib/gcc/arm-none-eabi/14.2.0/thumb/crti.o
LOAD C:/devkitPro/devkitARM/bin/../lib/gcc/arm-none-eabi/14.2.0/thumb/crtbegin.o
LOAD splash.pcx.o
LOAD pcx.o
LOAD pcx_view.o
LOAD C:/devkitPro/libgba/lib\libmm.a
LOAD C:/devkitPro/libgba/lib\libgba.a
START GROUP
LOAD C:/devkitPro/devkitARM/bin/../lib/gcc/arm-none-eabi/14.2.0/thumb\libgcc.a
LOAD C:/devkitPro/devkitARM/bin/../lib/gcc/arm-none-eabi/14.2.0/../../../../arm-none-eabi/lib/thumb\libg.a
LOAD C:/devkitPro/devkitARM/bin/../lib/gcc/arm-none-eabi/14.2.0/../../../../arm-none-eabi/lib/thumb\libc.a
LOAD C:/devkitPro/devkitARM/bin/../lib/gcc/arm-none-eabi/14.2.0/../../../../arm-none-eabi/lib/thumb\libsysbase.a
END GROUP
LOAD C:/devkitPro/devkitARM/bin/../lib/gcc/arm-none-eabi/14.2.0/thumb/crtend.o
LOAD C:/devkitPro/devkitARM/bin/../lib/gcc/arm-none-eabi/14.2.0/thumb/crtn.o
OUTPUT(C:/Users/minoc/OneDrive/Documents/GBA_dev/dev/picross_new/graphics/PCXView/PCXView.elf elf32-littlearm)
LOAD linker stubs

.debug_loclists
                0x00000000      0xd3b
 .debug_loclists
                0x00000000      0x560 pcx.o
 .debug_loclists
                0x00000560       0x1a pcx_view.o
 .debug_loclists
                0x0000057a      0x482 C:/devkitPro/libgba/lib\libgba.a(fade.o)
 .debug_loclists
                0x000009fc       0x4b C:/devkitPro/libgba/lib\libgba.a(input.o)
 .debug_loclists
                0x00000a47      0x2f4 C:/devkitPro/libgba/lib\libgba.a(interrupt.o)

.debug_rnglists
                0x00000000       0xc7
 .debug_rnglists
                0x00000000       0x29 pcx.o
 .debug_rnglists
                0x00000029       0x25 pcx_view.o
 .debug_rnglists
                0x0000004e       0x36 C:/devkitPro/libgba/lib\libgba.a(fade.o)
 .debug_rnglists
                0x00000084       0x43 C:/devkitPro/libgba/lib\libgba.a(interrupt.o)

.debug_line_str
                0x00000000       0xae
 .debug_line_str
                0x00000000       0xae C:/devkitPro/libgba/lib\libgba.a(InterruptDispatcher.o)
