Archive member included to satisfy reference by file (symbol)

C:/devkitPro/libgba/lib\libgba.a(CpuSet.o)
                              main.o (CpuFastSet)
C:/devkitPro/libgba/lib\libgba.a(interrupt.o)
                              main.o (irqInit)
C:/devkitPro/libgba/lib\libgba.a(InterruptDispatcher.o)
                              C:/devkitPro/libgba/lib\libgba.a(interrupt.o) (IntrMain)
C:/devkitPro/devkitARM/bin/../lib/gcc/arm-none-eabi/14.2.0/thumb\libgcc.a(_sync_none.o)
                              (__sync_synchronize_none)
C:/devkitPro/devkitARM/bin/../lib/gcc/arm-none-eabi/14.2.0/../../../../arm-none-eabi/lib/thumb\libg.a(libc_a-init.o)
                              C:/devkitPro/devkitARM/bin/../lib/gcc/arm-none-eabi/14.2.0/../../../../arm-none-eabi/lib/thumb/gba_crt0.o (__libc_init_array)
C:/devkitPro/devkitARM/bin/../lib/gcc/arm-none-eabi/14.2.0/../../../../arm-none-eabi/lib/thumb\libsysbase.a(libsysbase_libsysbase_a-malloc_vars.o)
                              C:/devkitPro/devkitARM/bin/../lib/gcc/arm-none-eabi/14.2.0/../../../../arm-none-eabi/lib/thumb/gba_crt0.o (fake_heap_end)

Discarded input sections

 .text          0x00000000        0x0 C:/devkitPro/devkitARM/bin/../lib/gcc/arm-none-eabi/14.2.0/../../../../arm-none-eabi/lib/thumb/gba_crt0.o
 .data          0x00000000        0x0 C:/devkitPro/devkitARM/bin/../lib/gcc/arm-none-eabi/14.2.0/../../../../arm-none-eabi/lib/thumb/gba_crt0.o
 .bss           0x00000000        0x0 C:/devkitPro/devkitARM/bin/../lib/gcc/arm-none-eabi/14.2.0/../../../../arm-none-eabi/lib/thumb/gba_crt0.o
 .text          0x00000000        0x0 C:/devkitPro/devkitARM/bin/../lib/gcc/arm-none-eabi/14.2.0/thumb/crti.o
 .data          0x00000000        0x0 C:/devkitPro/devkitARM/bin/../lib/gcc/arm-none-eabi/14.2.0/thumb/crti.o
 .bss           0x00000000        0x0 C:/devkitPro/devkitARM/bin/../lib/gcc/arm-none-eabi/14.2.0/thumb/crti.o
 .text          0x00000000        0x0 C:/devkitPro/devkitARM/bin/../lib/gcc/arm-none-eabi/14.2.0/thumb/crtbegin.o
 .data          0x00000000        0x0 C:/devkitPro/devkitARM/bin/../lib/gcc/arm-none-eabi/14.2.0/thumb/crtbegin.o
 .bss           0x00000000        0x0 C:/devkitPro/devkitARM/bin/../lib/gcc/arm-none-eabi/14.2.0/thumb/crtbegin.o
 .rodata.all_implied_fbits
                0x00000000       0x24 C:/devkitPro/devkitARM/bin/../lib/gcc/arm-none-eabi/14.2.0/thumb/crtbegin.o
 .data.__dso_handle
                0x00000000        0x4 C:/devkitPro/devkitARM/bin/../lib/gcc/arm-none-eabi/14.2.0/thumb/crtbegin.o
 .text          0x00000000        0x0 r6502_portfont.bin.o
 .data          0x00000000        0x0 r6502_portfont.bin.o
 .bss           0x00000000        0x0 r6502_portfont.bin.o
 .text          0x00000000       0x44 main.o
 .data          0x00000000        0x0 main.o
 .bss           0x00000000        0x0 main.o
 .data          0x00000000        0x0 C:/devkitPro/libgba/lib\libgba.a(CpuSet.o)
 .bss           0x00000000        0x0 C:/devkitPro/libgba/lib\libgba.a(CpuSet.o)
 .data          0x00000000        0x0 C:/devkitPro/libgba/lib\libgba.a(interrupt.o)
 .text          0x00000000        0x0 C:/devkitPro/libgba/lib\libgba.a(InterruptDispatcher.o)
 .data          0x00000000        0x0 C:/devkitPro/libgba/lib\libgba.a(InterruptDispatcher.o)
 .bss           0x00000000        0x0 C:/devkitPro/libgba/lib\libgba.a(InterruptDispatcher.o)
 .text          0x00000000        0x4 C:/devkitPro/devkitARM/bin/../lib/gcc/arm-none-eabi/14.2.0/thumb\libgcc.a(_sync_none.o)
 .data          0x00000000        0x0 C:/devkitPro/devkitARM/bin/../lib/gcc/arm-none-eabi/14.2.0/thumb\libgcc.a(_sync_none.o)
 .bss           0x00000000        0x0 C:/devkitPro/devkitARM/bin/../lib/gcc/arm-none-eabi/14.2.0/thumb\libgcc.a(_sync_none.o)
 .text          0x00000000        0x0 C:/devkitPro/devkitARM/bin/../lib/gcc/arm-none-eabi/14.2.0/../../../../arm-none-eabi/lib/thumb\libg.a(libc_a-init.o)
 .data          0x00000000        0x0 C:/devkitPro/devkitARM/bin/../lib/gcc/arm-none-eabi/14.2.0/../../../../arm-none-eabi/lib/thumb\libg.a(libc_a-init.o)
 .bss           0x00000000        0x0 C:/devkitPro/devkitARM/bin/../lib/gcc/arm-none-eabi/14.2.0/../../../../arm-none-eabi/lib/thumb\libg.a(libc_a-init.o)
 .text          0x00000000        0x0 C:/devkitPro/devkitARM/bin/../lib/gcc/arm-none-eabi/14.2.0/../../../../arm-none-eabi/lib/thumb\libsysbase.a(libsysbase_libsysbase_a-malloc_vars.o)
 .data          0x00000000        0x0 C:/devkitPro/devkitARM/bin/../lib/gcc/arm-none-eabi/14.2.0/../../../../arm-none-eabi/lib/thumb\libsysbase.a(libsysbase_libsysbase_a-malloc_vars.o)
 .bss           0x00000000        0x0 C:/devkitPro/devkitARM/bin/../lib/gcc/arm-none-eabi/14.2.0/../../../../arm-none-eabi/lib/thumb\libsysbase.a(libsysbase_libsysbase_a-malloc_vars.o)
 .bss.fake_heap_start
                0x00000000        0x4 C:/devkitPro/devkitARM/bin/../lib/gcc/arm-none-eabi/14.2.0/../../../../arm-none-eabi/lib/thumb\libsysbase.a(libsysbase_libsysbase_a-malloc_vars.o)
 .text          0x00000000        0x0 C:/devkitPro/devkitARM/bin/../lib/gcc/arm-none-eabi/14.2.0/thumb/crtend.o
 .data          0x00000000        0x0 C:/devkitPro/devkitARM/bin/../lib/gcc/arm-none-eabi/14.2.0/thumb/crtend.o
 .bss           0x00000000        0x0 C:/devkitPro/devkitARM/bin/../lib/gcc/arm-none-eabi/14.2.0/thumb/crtend.o
 .rodata.all_implied_fbits
                0x00000000       0x24 C:/devkitPro/devkitARM/bin/../lib/gcc/arm-none-eabi/14.2.0/thumb/crtend.o
 .text          0x00000000        0x0 C:/devkitPro/devkitARM/bin/../lib/gcc/arm-none-eabi/14.2.0/thumb/crtn.o
 .data          0x00000000        0x0 C:/devkitPro/devkitARM/bin/../lib/gcc/arm-none-eabi/14.2.0/thumb/crtn.o
 .bss           0x00000000        0x0 C:/devkitPro/devkitARM/bin/../lib/gcc/arm-none-eabi/14.2.0/thumb/crtn.o

Memory Configuration

Name             Origin             Length             Attributes
rom              0x08000000         0x02000000
iwram            0x03000000         0x00008000
ewram            0x02000000         0x00040000
*default*        0x00000000         0xffffffff

Linker script and memory map

                0x00000000                        __sync_synchronize = __sync_synchronize_none
                0x08000000                        __text_start = ORIGIN (rom)
                0x02040000                        __eheap_end = (ORIGIN (ewram) + LENGTH (ewram))
                0x03000000                        __iwram_start = ORIGIN (iwram)
                0x03008000                        __iwram_top = (ORIGIN (iwram) + LENGTH (iwram))
                0x03007fa0                        __sp_irq = (__iwram_top - 0x60)
                0x03007f00                        __sp_usr = (__sp_irq - 0xa0)
                0x03007ff8                        __irq_flags = 0x3007ff8
                0x08000000                        . = __text_start

.crt0           0x08000000      0x210
 *(.crt0)
 .crt0          0x08000000      0x210 C:/devkitPro/devkitARM/bin/../lib/gcc/arm-none-eabi/14.2.0/../../../../arm-none-eabi/lib/thumb/gba_crt0.o
                0x08000000                _start
                0x080000c4                __boot_method
                0x080000c5                __slave_number
                0x080000e0                start_vector
                0x08000210                        . = ALIGN (0x4)

.init           0x08000210        0xc
 *(SORT_NONE(.init))
 .init          0x08000210        0x4 C:/devkitPro/devkitARM/bin/../lib/gcc/arm-none-eabi/14.2.0/thumb/crti.o
                0x08000210                _init
 .init          0x08000214        0x8 C:/devkitPro/devkitARM/bin/../lib/gcc/arm-none-eabi/14.2.0/thumb/crtn.o

.plt            0x0800021c        0x0
 *(.plt)
                0x0800021c                        . = ALIGN (0x4)

.text           0x0800021c      0x5f4
 *(EXCLUDE_FILE(*.iwram*) .text*)
 .text.__do_global_dtors_aux
                0x0800021c       0x2c C:/devkitPro/devkitARM/bin/../lib/gcc/arm-none-eabi/14.2.0/thumb/crtbegin.o
 .text.frame_dummy
                0x08000248       0x24 C:/devkitPro/devkitARM/bin/../lib/gcc/arm-none-eabi/14.2.0/thumb/crtbegin.o
 .text.startup  0x0800026c      0x184 main.o
                0x0800026c                main
 .text          0x080003f0        0x8 C:/devkitPro/libgba/lib\libgba.a(CpuSet.o)
                0x080003f0                CpuSet
                0x080003f4                CpuFastSet
 .text          0x080003f8      0x3c4 C:/devkitPro/libgba/lib\libgba.a(interrupt.o)
                0x080003f8                dummy
                0x080003fc                InitInterrupt
                0x08000458                irqInit
                0x080004b4                SetInterrupt
                0x0800059c                irqSet
                0x08000684                EnableInterrupt
                0x080006d0                irqEnable
                0x08000724                DisableInterrupt
                0x08000770                irqDisable
 .text.__libc_init_array
                0x080007bc       0x54 C:/devkitPro/devkitARM/bin/../lib/gcc/arm-none-eabi/14.2.0/../../../../arm-none-eabi/lib/thumb\libg.a(libc_a-init.o)
                0x080007bc                __libc_init_array
 *(.gnu.linkonce.t.*)
 *(.text.*personality*)
 *(.gnu.warning)
 *(.glue_7t)
 .glue_7t       0x08000810        0x0 linker stubs
 *(.glue_7)
 .glue_7        0x08000810        0x0 linker stubs
 *(.vfp11_veneer)
 .vfp11_veneer  0x08000810        0x0 linker stubs
                0x08000810                        . = ALIGN (0x4)
                0x08000810                        __text_end = .

.v4_bx          0x08000810        0x0
 .v4_bx         0x08000810        0x0 linker stubs

.iplt           0x08000810        0x0
 .iplt          0x08000810        0x0 C:/devkitPro/devkitARM/bin/../lib/gcc/arm-none-eabi/14.2.0/../../../../arm-none-eabi/lib/thumb/gba_crt0.o

.fini           0x08000810        0xc
 *(.fini)
 .fini          0x08000810        0x4 C:/devkitPro/devkitARM/bin/../lib/gcc/arm-none-eabi/14.2.0/thumb/crti.o
                0x08000810                _fini
 .fini          0x08000814        0x8 C:/devkitPro/devkitARM/bin/../lib/gcc/arm-none-eabi/14.2.0/thumb/crtn.o
                0x0800081c                        . = ALIGN (0x4)

.rodata         0x0800081c      0xdbc
 *(.rodata)
 .rodata        0x0800081c      0x1ba main.o
                0x0800081c                message
                0x080009c8                palette
 *all.rodata*(*)
 *(.roda)
 *(.rodata.*)
 *fill*         0x080009d6        0x2 ff
 .rodata.r6502_portfont_bin
                0x080009d8      0xc00 r6502_portfont.bin.o
                0x080009d8                r6502_portfont_bin
                0x080015d8                r6502_portfont_bin_end
 *(.gnu.linkonce.r*)
                0x080015d8                        . = ALIGN (0x4)

.ARM.extab
 *(.ARM.extab* .gnu.linkonce.armextab.*)
                0x080015d8                        __exidx_start = .

.ARM.exidx
 *(.ARM.exidx* .gnu.linkonce.armexidx.*)
                0x080015d8                        __exidx_end = .

.ctors          0x080015d8        0x0
 *crtbegin.o(.ctors)
 *(EXCLUDE_FILE(*crtend.o) .ctors)
 *(SORT_BY_NAME(.ctors.*))
 *(.ctors)
                0x080015d8                        . = ALIGN (0x4)

.dtors          0x080015d8        0x0
 *crtbegin.o(.dtors)
 *(EXCLUDE_FILE(*crtend.o) .dtors)
 *(SORT_BY_NAME(.dtors.*))
 *(.dtors)
                0x080015d8                        . = ALIGN (0x4)

.eh_frame       0x080015d8        0x4
 *(.eh_frame)
 .eh_frame      0x080015d8        0x0 C:/devkitPro/devkitARM/bin/../lib/gcc/arm-none-eabi/14.2.0/thumb/crtbegin.o
 .eh_frame      0x080015d8        0x4 C:/devkitPro/devkitARM/bin/../lib/gcc/arm-none-eabi/14.2.0/thumb/crtend.o
                0x080015dc                        . = ALIGN (0x4)

.gcc_except_table
                0x080015dc        0x0
 *(.gcc_except_table)
                0x080015dc                        . = ALIGN (0x4)
                0x080015dc                        __iwram_lma = .

.iwram          0x03000000       0xb8 load address 0x080015dc
                0x03000000                        __iwram_start__ = ABSOLUTE (.)
 *(.iwram .iwram*)
 .iwram         0x03000000       0xb8 C:/devkitPro/libgba/lib\libgba.a(InterruptDispatcher.o)
                0x03000000                IntrMain
 *iwram.*(.text* .data*)
                0x030000b8                        . = ALIGN (0x4)
                0x030000b8                        __iwram_end__ = ABSOLUTE (.)
                0x08001694                        __data_lma = (__iwram_lma + SIZEOF (.iwram))

.bss            0x030000b8       0x98
                0x030000b8                        __bss_start = ABSOLUTE (.)
                0x030000b8                        __bss_start__ = ABSOLUTE (.)
 *(.dynbss)
 *(.gnu.linkonce.b*)
 *(.bss*)
 .bss.completed.1
                0x030000b8        0x1 C:/devkitPro/devkitARM/bin/../lib/gcc/arm-none-eabi/14.2.0/thumb/crtbegin.o
 *fill*         0x030000b9        0x3 
 .bss.object.0  0x030000bc       0x18 C:/devkitPro/devkitARM/bin/../lib/gcc/arm-none-eabi/14.2.0/thumb/crtbegin.o
 .bss           0x030000d4       0x78 C:/devkitPro/libgba/lib\libgba.a(interrupt.o)
                0x030000d4                IntrTable
 .bss.fake_heap_end
                0x0300014c        0x4 C:/devkitPro/devkitARM/bin/../lib/gcc/arm-none-eabi/14.2.0/../../../../arm-none-eabi/lib/thumb\libsysbase.a(libsysbase_libsysbase_a-malloc_vars.o)
                0x0300014c                fake_heap_end
 *(COMMON)
                0x03000150                        . = ALIGN (0x4)
                0x03000150                        __bss_end__ = ABSOLUTE (.)

.data           0x03000150        0x0 load address 0x08001694
                0x03000150                        __data_start__ = ABSOLUTE (.)
 *(.data*)
 *(.gnu.linkonce.d*)
                0x03000150                        . = ALIGN (0x4)
                0x08001694                        __preinit_lma = (__data_lma + SIZEOF (.data))

.igot.plt       0x030000b8        0x0 load address 0x08001694
 .igot.plt      0x030000b8        0x0 C:/devkitPro/devkitARM/bin/../lib/gcc/arm-none-eabi/14.2.0/../../../../arm-none-eabi/lib/thumb/gba_crt0.o

.preinit_array  0x03000150        0x0 load address 0x08001694
                0x03000150                        __preinit_array_start = ABSOLUTE (.)
 *(.preinit_array)
                0x03000150                        __preinit_array_end = ABSOLUTE (.)
                0x08001694                        __init_lma = (__preinit_lma + SIZEOF (.preinit_array))

.init_array     0x03000150        0x4 load address 0x08001694
                0x03000150                        __init_array_start = ABSOLUTE (.)
 *(SORT_BY_NAME(.init_array.*))
 *(.init_array)
 .init_array    0x03000150        0x4 C:/devkitPro/devkitARM/bin/../lib/gcc/arm-none-eabi/14.2.0/thumb/crtbegin.o
                0x03000154                        __init_array_end = ABSOLUTE (.)
                0x08001698                        __fini_lma = (__init_lma + SIZEOF (.init_array))

.fini_array     0x03000154        0x4 load address 0x08001698
                0x03000154                        __fini_array_start = ABSOLUTE (.)
 *(SORT_BY_NAME(.fini_array.*))
 *(.fini_array)
 .fini_array    0x03000154        0x4 C:/devkitPro/devkitARM/bin/../lib/gcc/arm-none-eabi/14.2.0/thumb/crtbegin.o
                0x03000158                        __fini_array_end = ABSOLUTE (.)
                0x0800169c                        __jcr_lma = (__fini_lma + SIZEOF (.fini_array))

.jcr
 *(.jcr)
                0x03000158                        __data_end__ = ABSOLUTE (.)
                0x0800169c                        __iwram_overlay_lma = (__jcr_lma + SIZEOF (.jcr))
                0x03000158                        __iwram_overlay_start = .

.iwram0         0x03000158        0x0 load address 0x0800169c
 *(.iwram0)
                0x03000158                        . = ALIGN (0x4)
                0x0800169c                        PROVIDE (__load_start_iwram0 = LOADADDR (.iwram0))
                0x0800169c                        PROVIDE (__load_stop_iwram0 = (LOADADDR (.iwram0) + SIZEOF (.iwram0)))

.iwram1         0x03000158        0x0
 *(.iwram1)
                0x03000158                        . = ALIGN (0x4)
                [!provide]                        PROVIDE (__load_start_iwram1 = LOADADDR (.iwram1))
                [!provide]                        PROVIDE (__load_stop_iwram1 = (LOADADDR (.iwram1) + SIZEOF (.iwram1)))

.iwram2         0x03000158        0x0
 *(.iwram2)
                0x03000158                        . = ALIGN (0x4)
                [!provide]                        PROVIDE (__load_start_iwram2 = LOADADDR (.iwram2))
                [!provide]                        PROVIDE (__load_stop_iwram2 = (LOADADDR (.iwram2) + SIZEOF (.iwram2)))

.iwram3         0x03000158        0x0
 *(.iwram3)
                0x03000158                        . = ALIGN (0x4)
                [!provide]                        PROVIDE (__load_start_iwram3 = LOADADDR (.iwram3))
                [!provide]                        PROVIDE (__load_stop_iwram3 = (LOADADDR (.iwram3) + SIZEOF (.iwram3)))

.iwram4         0x03000158        0x0
 *(.iwram4)
                0x03000158                        . = ALIGN (0x4)
                [!provide]                        PROVIDE (__load_start_iwram4 = LOADADDR (.iwram4))
                [!provide]                        PROVIDE (__load_stop_iwram4 = (LOADADDR (.iwram4) + SIZEOF (.iwram4)))

.iwram5         0x03000158        0x0
 *(.iwram5)
                0x03000158                        . = ALIGN (0x4)
                [!provide]                        PROVIDE (__load_start_iwram5 = LOADADDR (.iwram5))
                [!provide]                        PROVIDE (__load_stop_iwram5 = (LOADADDR (.iwram5) + SIZEOF (.iwram5)))

.iwram6         0x03000158        0x0
 *(.iwram6)
                0x03000158                        . = ALIGN (0x4)
                [!provide]                        PROVIDE (__load_start_iwram6 = LOADADDR (.iwram6))
                [!provide]                        PROVIDE (__load_stop_iwram6 = (LOADADDR (.iwram6) + SIZEOF (.iwram6)))

.iwram7         0x03000158        0x0
 *(.iwram7)
                0x03000158                        . = ALIGN (0x4)
                [!provide]                        PROVIDE (__load_start_iwram7 = LOADADDR (.iwram7))
                [!provide]                        PROVIDE (__load_stop_iwram7 = (LOADADDR (.iwram7) + SIZEOF (.iwram7)))

.iwram8         0x03000158        0x0
 *(.iwram8)
                0x03000158                        . = ALIGN (0x4)
                [!provide]                        PROVIDE (__load_start_iwram8 = LOADADDR (.iwram8))
                [!provide]                        PROVIDE (__load_stop_iwram8 = (LOADADDR (.iwram8) + SIZEOF (.iwram8)))

.iwram9         0x03000158        0x0
 *(.iwram9)
                0x03000158                        . = ALIGN (0x4)
                [!provide]                        PROVIDE (__load_start_iwram9 = LOADADDR (.iwram9))
                [!provide]                        PROVIDE (__load_stop_iwram9 = (LOADADDR (.iwram9) + SIZEOF (.iwram9)))
                0x03000158                        __iwram_overlay_end = .
                0x0800169c                        __ewram_lma = (__iwram_overlay_lma + (__iwram_overlay_end - __iwram_overlay_start))
                0x03000158                        __iheap_start = .
                0x02000000                        __ewram_start = ORIGIN (ewram)

.ewram          0x02000000        0x0 load address 0x0800169c
 *(.ewram*)
                0x02000000                        . = ALIGN (0x4)
                0x02000000                        __ewram_end = ABSOLUTE (.)
                0x0800169c                        __pad_lma = (__ewram_lma + SIZEOF (.ewram))

.sbss           0x02000000        0x0
                0x02000000                        __sbss_start__ = ABSOLUTE (.)
 *(.sbss*)
                0x02000000                        . = ALIGN (0x4)
                0x02000000                        __sbss_end__ = ABSOLUTE (.)
                0x02000000                        __end__ = ABSOLUTE (.)
                0x02000000                        __eheap_start = ABSOLUTE (.)

.pad            0x02000000        0x8 load address 0x0800169c
                0x02000000        0x4 LONG 0x52416b64
                0x02000004        0x4 LONG 0x4d
                0x02000008                        . = ALIGN (0x4)
                0x080016a4                        __rom_end__ = (__pad_lma + SIZEOF (.pad))

.rel.dyn        0x02000008        0x0 load address 0x080016a4
 .rel.iplt      0x02000008        0x0 C:/devkitPro/devkitARM/bin/../lib/gcc/arm-none-eabi/14.2.0/../../../../arm-none-eabi/lib/thumb/gba_crt0.o

.stab
 *(.stab)

.stabstr
 *(.stabstr)

.stab.excl
 *(.stab.excl)

.stab.exclstr
 *(.stab.exclstr)

.stab.index
 *(.stab.index)

.stab.indexstr
 *(.stab.indexstr)

.comment        0x00000000       0x46
 *(.comment)
 .comment       0x00000000       0x46 C:/devkitPro/devkitARM/bin/../lib/gcc/arm-none-eabi/14.2.0/thumb/crtbegin.o
                                 0x24 (size before relaxing)
 .comment       0x00000046       0x24 main.o
 .comment       0x00000046       0x24 C:/devkitPro/libgba/lib\libgba.a(CpuSet.o)
 .comment       0x00000046       0x24 C:/devkitPro/libgba/lib\libgba.a(interrupt.o)
 .comment       0x00000046       0x24 C:/devkitPro/devkitARM/bin/../lib/gcc/arm-none-eabi/14.2.0/../../../../arm-none-eabi/lib/thumb\libg.a(libc_a-init.o)
 .comment       0x00000046       0x24 C:/devkitPro/devkitARM/bin/../lib/gcc/arm-none-eabi/14.2.0/../../../../arm-none-eabi/lib/thumb\libsysbase.a(libsysbase_libsysbase_a-malloc_vars.o)
 .comment       0x00000046       0x24 C:/devkitPro/devkitARM/bin/../lib/gcc/arm-none-eabi/14.2.0/thumb/crtend.o

.debug
 *(.debug)

.line
 *(.line)

.debug_srcinfo
 *(.debug_srcinfo)

.debug_sfnames
 *(.debug_sfnames)

.debug_aranges  0x00000000       0x88
 *(.debug_aranges)
 .debug_aranges
                0x00000000       0x28 main.o
 .debug_aranges
                0x00000028       0x20 C:/devkitPro/libgba/lib\libgba.a(CpuSet.o)
 .debug_aranges
                0x00000048       0x20 C:/devkitPro/libgba/lib\libgba.a(interrupt.o)
 .debug_aranges
                0x00000068       0x20 C:/devkitPro/libgba/lib\libgba.a(InterruptDispatcher.o)

.debug_pubnames
 *(.debug_pubnames)

.debug_info     0x00000000      0xadf
 *(.debug_info)
 .debug_info    0x00000000      0x56c main.o
 .debug_info    0x0000056c      0x136 C:/devkitPro/libgba/lib\libgba.a(CpuSet.o)
 .debug_info    0x000006a2      0x418 C:/devkitPro/libgba/lib\libgba.a(interrupt.o)
 .debug_info    0x00000aba       0x25 C:/devkitPro/libgba/lib\libgba.a(InterruptDispatcher.o)

.debug_abbrev   0x00000000      0x575
 *(.debug_abbrev)
 .debug_abbrev  0x00000000      0x29c main.o
 .debug_abbrev  0x0000029c       0xa6 C:/devkitPro/libgba/lib\libgba.a(CpuSet.o)
 .debug_abbrev  0x00000342      0x21f C:/devkitPro/libgba/lib\libgba.a(interrupt.o)
 .debug_abbrev  0x00000561       0x14 C:/devkitPro/libgba/lib\libgba.a(InterruptDispatcher.o)

.debug_line     0x00000000     0x1135
 *(.debug_line)
 .debug_line    0x00000000      0x5ef main.o
 .debug_line    0x000005ef      0x17e C:/devkitPro/libgba/lib\libgba.a(CpuSet.o)
 .debug_line    0x0000076d      0x950 C:/devkitPro/libgba/lib\libgba.a(interrupt.o)
 .debug_line    0x000010bd       0x78 C:/devkitPro/libgba/lib\libgba.a(InterruptDispatcher.o)

.debug_frame    0x00000000      0x134
 *(.debug_frame)
 .debug_frame   0x00000000       0x54 main.o
 .debug_frame   0x00000054       0x30 C:/devkitPro/libgba/lib\libgba.a(CpuSet.o)
 .debug_frame   0x00000084       0xb0 C:/devkitPro/libgba/lib\libgba.a(interrupt.o)

.debug_str      0x00000000      0x6e5
 *(.debug_str)
 .debug_str     0x00000000      0x6e5 main.o
                                0x48a (size before relaxing)
 .debug_str     0x000006e5      0x1a9 C:/devkitPro/libgba/lib\libgba.a(CpuSet.o)
 .debug_str     0x000006e5      0x334 C:/devkitPro/libgba/lib\libgba.a(interrupt.o)
 .debug_str     0x000006e5       0xba C:/devkitPro/libgba/lib\libgba.a(InterruptDispatcher.o)

.debug_loc
 *(.debug_loc)

.debug_macinfo
 *(.debug_macinfo)

.debug_weaknames
 *(.debug_weaknames)

.debug_funcnames
 *(.debug_funcnames)

.debug_typenames
 *(.debug_typenames)

.debug_varnames
 *(.debug_varnames)

.stack          0x00080000        0x0
                0x00080000                        _stack = .
 *(.stack)

.note.gnu.arm.ident
 *(.note.gnu.arm.ident)

.ARM.attributes
                0x00000000       0x2c
 *(.ARM.attributes)
 .ARM.attributes
                0x00000000       0x20 C:/devkitPro/devkitARM/bin/../lib/gcc/arm-none-eabi/14.2.0/../../../../arm-none-eabi/lib/thumb/gba_crt0.o
 .ARM.attributes
                0x00000020       0x1c C:/devkitPro/devkitARM/bin/../lib/gcc/arm-none-eabi/14.2.0/thumb/crti.o
 .ARM.attributes
                0x0000003c       0x2a C:/devkitPro/devkitARM/bin/../lib/gcc/arm-none-eabi/14.2.0/thumb/crtbegin.o
 .ARM.attributes
                0x00000066       0x1a r6502_portfont.bin.o
 .ARM.attributes
                0x00000080       0x26 main.o
 .ARM.attributes
                0x000000a6       0x2a C:/devkitPro/libgba/lib\libgba.a(CpuSet.o)
 .ARM.attributes
                0x000000d0       0x2a C:/devkitPro/libgba/lib\libgba.a(interrupt.o)
 .ARM.attributes
                0x000000fa       0x1a C:/devkitPro/libgba/lib\libgba.a(InterruptDispatcher.o)
 .ARM.attributes
                0x00000114       0x1c C:/devkitPro/devkitARM/bin/../lib/gcc/arm-none-eabi/14.2.0/thumb\libgcc.a(_sync_none.o)
 .ARM.attributes
                0x00000130       0x2a C:/devkitPro/devkitARM/bin/../lib/gcc/arm-none-eabi/14.2.0/../../../../arm-none-eabi/lib/thumb\libg.a(libc_a-init.o)
 .ARM.attributes
                0x0000015a       0x2a C:/devkitPro/devkitARM/bin/../lib/gcc/arm-none-eabi/14.2.0/../../../../arm-none-eabi/lib/thumb\libsysbase.a(libsysbase_libsysbase_a-malloc_vars.o)
 .ARM.attributes
                0x00000184       0x2a C:/devkitPro/devkitARM/bin/../lib/gcc/arm-none-eabi/14.2.0/thumb/crtend.o
 .ARM.attributes
                0x000001ae       0x1c C:/devkitPro/devkitARM/bin/../lib/gcc/arm-none-eabi/14.2.0/thumb/crtn.o

/DISCARD/
 *(.note.GNU-stack)
LOAD C:/devkitPro/devkitARM/bin/../lib/gcc/arm-none-eabi/14.2.0/../../../../arm-none-eabi/lib/thumb/gba_crt0.o
LOAD C:/devkitPro/devkitARM/bin/../lib/gcc/arm-none-eabi/14.2.0/thumb/crti.o
LOAD C:/devkitPro/devkitARM/bin/../lib/gcc/arm-none-eabi/14.2.0/thumb/crtbegin.o
LOAD r6502_portfont.bin.o
LOAD main.o
LOAD C:/devkitPro/libgba/lib\libmm.a
LOAD C:/devkitPro/libgba/lib\libgba.a
START GROUP
LOAD C:/devkitPro/devkitARM/bin/../lib/gcc/arm-none-eabi/14.2.0/thumb\libgcc.a
LOAD C:/devkitPro/devkitARM/bin/../lib/gcc/arm-none-eabi/14.2.0/../../../../arm-none-eabi/lib/thumb\libg.a
LOAD C:/devkitPro/devkitARM/bin/../lib/gcc/arm-none-eabi/14.2.0/../../../../arm-none-eabi/lib/thumb\libc.a
LOAD C:/devkitPro/devkitARM/bin/../lib/gcc/arm-none-eabi/14.2.0/../../../../arm-none-eabi/lib/thumb\libsysbase.a
END GROUP
LOAD C:/devkitPro/devkitARM/bin/../lib/gcc/arm-none-eabi/14.2.0/thumb/crtend.o
LOAD C:/devkitPro/devkitARM/bin/../lib/gcc/arm-none-eabi/14.2.0/thumb/crtn.o
OUTPUT(C:/Users/minoc/OneDrive/Documents/GBA_dev/dev/picross_new/graphics/SimpleBGScroll/SimpleBGScroll.elf elf32-littlearm)
LOAD linker stubs

.debug_loclists
                0x00000000      0x639
 .debug_loclists
                0x00000000      0x28b main.o
 .debug_loclists
                0x0000028b       0xba C:/devkitPro/libgba/lib\libgba.a(CpuSet.o)
 .debug_loclists
                0x00000345      0x2f4 C:/devkitPro/libgba/lib\libgba.a(interrupt.o)

.debug_rnglists
                0x00000000       0x9d
 .debug_rnglists
                0x00000000       0x47 main.o
 .debug_rnglists
                0x00000047       0x13 C:/devkitPro/libgba/lib\libgba.a(CpuSet.o)
 .debug_rnglists
                0x0000005a       0x43 C:/devkitPro/libgba/lib\libgba.a(interrupt.o)

.debug_line_str
                0x00000000       0xae
 .debug_line_str
                0x00000000       0xae C:/devkitPro/libgba/lib\libgba.a(InterruptDispatcher.o)
